[00:13:13] [Server thread/INFO]: elbasto_ has made the advancement [A Terrible Fortress]
[00:13:17] [Server thread/INFO]: Danynii has made the advancement [A Terrible Fortress]
[00:16:17] [Server thread/INFO]: elbasto_ has made the advancement [Into Fire]
[00:16:22] [Server thread/INFO]: elbasto_ was burned to a crisp while fighting Blaze
[00:16:44] [Server thread/INFO]: [elbasto_: Teleported elbasto_ to Danynii]
[00:18:20] [Server thread/INFO]: Danynii has made the advancement [Into Fire]
[00:23:50] [Server thread/INFO]: Danynii withered away
[00:23:58] [Server thread/INFO]: [Danynii: Teleported Danynii to elbasto_]
[00:24:48] [Server thread/INFO]: elbasto_ was slain by Wither Skeleton
[00:24:54] [Server thread/INFO]: [elbasto_: Teleported elbasto_ to Danynii]
[00:25:42] [Server thread/INFO]: elbasto_ withered away while fighting Wither Skeleton
[00:25:48] [Server thread/INFO]: [elbasto_: Teleported elbasto_ to Danynii]
[00:29:19] [Server thread/INFO]: Danynii lost connection: Disconnected
[00:29:19] [Server thread/INFO]: Danynii left the game
[00:29:19] [Server thread/INFO]: elbasto_ lost connection: Disconnected
[00:29:19] [Server thread/INFO]: elbasto_ left the game
[00:29:49] [Server thread/INFO]: Stopping the server
[00:29:49] [Server thread/INFO]: Stopping server
[00:29:49] [Server thread/INFO]: Saving players
[00:29:49] [Server thread/INFO]: Saving worlds
[00:29:49] [Server thread/INFO]: Saving chunks for level 'ServerLevel[world]'/minecraft:overworld
[00:29:49] [Server thread/INFO]: Saving chunks for level 'ServerLevel[world]'/minecraft:the_end
[00:29:49] [Server thread/INFO]: Saving chunks for level 'ServerLevel[world]'/minecraft:the_nether
[00:29:49] [Server thread/INFO]: ThreadedAnvilChunkStorage (world): All chunks are saved
[00:29:49] [Server thread/INFO]: ThreadedAnvilChunkStorage (DIM1): All chunks are saved
[00:29:49] [Server thread/INFO]: ThreadedAnvilChunkStorage (DIM-1): All chunks are saved
[00:29:49] [Server thread/INFO]: ThreadedAnvilChunkStorage: All dimensions are saved
